[20:21:40] [main/INFO] (Entrypoint) JVM Uptime at startup: 1764ms
[20:21:40] [main/INFO] (FMLLoader) Starting FancyModLoader version 10.0.36 (CLIENT in DEV)
[20:21:40] [main/INFO] (FMLLoader) Game directory: C:\Users\CoolAid\Desktop\IntelliJ Projects\nosigngui\neoforge\run
[20:21:40] [main/INFO] (EarlyServiceDiscovery) Found 2 early service jars (out of 117) in 18ms
[20:21:40] [main/INFO] (FMLLoader) Loading FML Early Services:
[20:21:40] [main/INFO] (FMLLoader)  - C:/Users/CoolAid/.gradle/caches/modules-2/files-2.1/net.neoforged.fancymodloader/earlydisplay/10.0.36/dbd0e11d545443f602addede111c39d9639708f9/earlydisplay-10.0.36.jar
[20:21:40] [main/INFO] (FMLLoader)  - C:/Users/CoolAid/.gradle/caches/fabric-loom/forge/transformed-dependencies-v1/net/neoforged/fancymodloader/33461f737ac36342de604582c0750e92dc6300e56b200519e855bf0c3af5e754/loader/10.0.36/loader-10.0.36.jar
[20:21:40] [main/INFO] (ImmediateWindowHandler) Loading ImmediateWindowProvider fmlearlywindow
[20:21:41] [ForkJoinPool.commonPool-worker-1/INFO] (GameLocator) Detected a joined NeoForge and Minecraft configuration. Applying filtering...
[20:21:41] [ForkJoinPool.commonPool-worker-1/INFO] (ModDiscoverer) Found mod file "client-extra.jar" [locator: game locator]
[20:21:41] [ForkJoinPool.commonPool-worker-1/INFO] (ModDiscoverer) Found mod file "neoforge-21.11.40-beta-minecraft-merged-1.21.11-loom.mappings.1_21_11.layered+hash.40545-v2-neoforge-21.11.40-beta.jar" [locator: game locator]
[20:21:41] [ForkJoinPool.commonPool-worker-1/INFO] (InDevFolderLocator) Got mod coordinates main%%C:\Users\CoolAid\Desktop\IntelliJ Projects\nosigngui\neoforge\build\resources\main;main%%C:\Users\CoolAid\Desktop\IntelliJ Projects\nosigngui\neoforge\build\classes\java\main;main%%C:\Users\CoolAid\Desktop\IntelliJ Projects\nosigngui\neoforge\out\production\classes;main%%C:\Users\CoolAid\Desktop\IntelliJ Projects\nosigngui\neoforge\out\production\resources from env
[20:21:41] [ForkJoinPool.commonPool-worker-1/INFO] (ModDiscoverer) Found mod file "main" [locator: indevfolder, reader: mod manifest]
[20:21:41] [ForkJoinPool.commonPool-worker-1/INFO] (ModDiscoverer) Found mod file "7804025868736889836.jar" [locator: indevjar, reader: mod manifest]
[20:21:41] [ForkJoinPool.commonPool-worker-1/INFO] (ModDiscoverer) Found gamelibrary file "mixinextras-neoforge-0.5.3.jar" [locator: indevjar, reader: mod manifest]
[20:21:41] [fml-loadingscreen/INFO] (LoadingScreenRenderer) GL info: NVIDIA GeForce RTX 4070/PCIe/SSE2 GL version 3.3.0 NVIDIA 560.94, NVIDIA Corporation
[20:21:41] [ForkJoinPool.commonPool-worker-1/WARN] (JarSelector) Attempted to select a dependency jar for JarJar which was passed in as source: library:mixinextras.neoforge. Using jar(C:/Users/CoolAid/.gradle/caches/modules-2/files-2.1/io.github.llamalad7/mixinextras-neoforge/0.5.3/a0919957808de97707c5fb4ce073e66aeef3e187/mixinextras-neoforge-0.5.3.jar)
[20:21:41] [ForkJoinPool.commonPool-worker-1/INFO] (JarInJarDependencyLocator) Found 1 dependencies adding them to mods collection
[20:21:41] [ForkJoinPool.commonPool-worker-1/INFO] (ModDiscoverer) Found library file "net.neoforged.neoforge-coremods-21.11.40-beta.jar" [parent: neoforge-21.11.40-beta-minecraft-merged-1.21.11-loom.mappings.1_21_11.layered+hash.40545-v2-neoforge-21.11.40-beta.jar, locator: jarinjar, reader: mod manifest]
[20:21:41] [ForkJoinPool.commonPool-worker-1/INFO] (ModDiscoverer) 
     Mod List:
		Name Version (Mod Id)

		generated_9a396b1 1 (generated_9a396b1)
		Minecraft 1.21.11 (minecraft)
		NeoForge 21.11.40-beta (neoforge)
		NoSignGUI 3.0.0 (nosigngui)
[20:21:41] [main/INFO] (mixin) SpongePowered MIXIN Subsystem Version=0.8.7 Source=file:/C:/Users/CoolAid/.gradle/caches/modules-2/files-2.1/net.fabricmc/sponge-mixin/0.16.5+mixin.0.8.7/80fc3a9f592673cea87f4cd702f87991c6c9fe4d/sponge-mixin-0.16.5+mixin.0.8.7.jar Service=FML Env=CLIENT
[20:21:41] [main/INFO] (FMLLoader) Loading FML Plugins:
[20:21:41] [main/INFO] (FMLLoader)  - C:/Users/CoolAid/.gradle/caches/fabric-loom/minecraftMaven/net/minecraft/neoforge-21.11.40-beta-minecraft-merged/1.21.11-loom.mappings.1_21_11.layered+hash.40545-v2-neoforge-21.11.40-beta/neoforge-21.11.40-beta-minecraft-merged-1.21.11-loom.mappings.1_21_11.layered+hash.40545-v2-neoforge-21.11.40-beta.jar > net.neoforged.neoforge-coremods-21.11.40-beta.jar
[20:21:41] [main/INFO] (unprotect) Initializing Unprotect using FancyModLoader backend, target: Minecraft and loader classes (minecraft+forge)
[20:21:41] [main/INFO] (FMLLoader) Building game content classloader:
 - generated_9a396b1 (jar(C:/Users/CoolAid/AppData/Local/Temp/7804025868736889836.jar))
 - minecraft (composite(jar(C:/Users/CoolAid/.gradle/caches/fabric-loom/1.21.11/neoforge/21.11.40-beta/client-extra.jar), filtered(jar(C:/Users/CoolAid/.gradle/caches/fabric-loom/minecraftMaven/net/minecraft/neoforge-21.11.40-beta-minecraft-merged/1.21.11-loom.mappings.1_21_11.layered+hash.40545-v2-neoforge-21.11.40-beta/neoforge-21.11.40-beta-minecraft-merged-1.21.11-loom.mappings.1_21_11.layered+hash.40545-v2-neoforge-21.11.40-beta.jar))))
 - mixinextras.neoforge (jar(C:/Users/CoolAid/.gradle/caches/modules-2/files-2.1/io.github.llamalad7/mixinextras-neoforge/0.5.3/a0919957808de97707c5fb4ce073e66aeef3e187/mixinextras-neoforge-0.5.3.jar))
 - neoforge (composite(filtered(jar(C:/Users/CoolAid/.gradle/caches/fabric-loom/minecraftMaven/net/minecraft/neoforge-21.11.40-beta-minecraft-merged/1.21.11-loom.mappings.1_21_11.layered+hash.40545-v2-neoforge-21.11.40-beta/neoforge-21.11.40-beta-minecraft-merged-1.21.11-loom.mappings.1_21_11.layered+hash.40545-v2-neoforge-21.11.40-beta.jar))))
 - net.neoforged.fml.generated (empty(VirtualJar/net.neoforged.fml.generated))
 - nosigngui (composite(folder(C:/Users/CoolAid/Desktop/IntelliJ Projects/nosigngui/neoforge/build/resources/main), folder(C:/Users/CoolAid/Desktop/IntelliJ Projects/nosigngui/neoforge/build/classes/java/main)))
[20:21:41] [main/INFO] (FMLLoader) Built game content classloader in 14ms
[20:21:41] [main/WARN] (MixinFacade) Mod file composite(folder(C:/Users/CoolAid/Desktop/IntelliJ Projects/nosigngui/neoforge/build/resources/main), folder(C:/Users/CoolAid/Desktop/IntelliJ Projects/nosigngui/neoforge/build/classes/java/main)) declares mixin config nosigngui.mixins.json, but it actually comes from jar(C:/Users/CoolAid/AppData/Local/Temp/7804025868736889836.jar)
[20:21:41] [main/INFO] (unprotect) Found 10242 Minecraft classes
[20:21:42] [pool-12-thread-1/INFO] (MixinExtras|Service) Initializing MixinExtras via com.llamalad7.mixinextras.service.MixinExtrasServiceImpl(version=0.5.3).
[20:21:42] [Datafixer Bootstrap/INFO] (Minecraft) 290 Datafixer optimizations took 428 milliseconds
[20:21:47] [main/WARN] (Minecraft) Ambiguity between arguments [teleport, location] and [teleport, destination] with inputs: [0.1 -0.5 .9, 0 0 0]
[20:21:47] [main/WARN] (Minecraft) Ambiguity between arguments [teleport, location] and [teleport, targets] with inputs: [0.1 -0.5 .9, 0 0 0]
[20:21:47] [main/WARN] (Minecraft) Ambiguity between arguments [teleport, destination] and [teleport, targets] with inputs: [Player, 0123, @e, dd12be42-52a9-4a91-a8a1-11c01849e498]
[20:21:47] [main/WARN] (Minecraft) Ambiguity between arguments [teleport, targets] and [teleport, destination] with inputs: [Player, 0123, dd12be42-52a9-4a91-a8a1-11c01849e498]
[20:21:47] [main/WARN] (Minecraft) Ambiguity between arguments [teleport, targets, location] and [teleport, targets, destination] with inputs: [0.1 -0.5 .9, 0 0 0]
[20:21:47] [main/WARN] (Minecraft) Ambiguity between arguments [waypoint, modify, waypoint, color, reset] and [waypoint, modify, waypoint, color, color] with inputs: [reset]
[20:21:47] [modloading-worker-0/INFO] (NeoForgeMod) NeoForge mod loading, version 21.11.40-beta, for MC 1.21.11
[20:21:47] [modloading-worker-0/INFO] (nosigngui) The sign is NOT GUI-ing... Check out my Hardcore World on Twitch
[20:21:47] [Render thread/INFO] (Minecraft) Environment: Environment[sessionHost=https://sessionserver.mojang.com, servicesHost=https://api.minecraftservices.com, profilesHost=https://api.mojang.com, name=PROD]
[20:21:47] [Render thread/INFO] (Minecraft) Setting user: Dev
[20:21:47] [Render thread/INFO] (Minecraft) Backend library: LWJGL version 3.3.3+5
[20:21:47] [Render thread/INFO] (Minecraft) Using optional rendering extensions: GL_ARB_buffer_storage, GL_KHR_debug, GL_ARB_vertex_attrib_binding, GL_ARB_direct_state_access, GL_EXT_texture_filter_anisotropic
[20:21:48] [Render thread/INFO] (Minecraft) Reloading ResourceManager: vanilla, mod_resources, mod/generated_9a396b1, mod/neoforge, mod/nosigngui
[20:21:48] [resourceLoad/INFO] (Minecraft) Found unifont_all_no_pua-17.0.01.hex, loading
[20:21:48] [resourceLoad/INFO] (Minecraft) Found unifont_pua-17.0.01.hex, loading
[20:21:48] [resourceLoad/INFO] (Minecraft) Found unifont_jp_patch-17.0.01.hex, loading
[20:21:49] [Render thread/INFO] (Minecraft) OpenAL initialized on device OpenAL Soft on Aux 1 (Elgato Virtual Audio)
[20:21:49] [Render thread/INFO] (Minecraft) Sound engine started
[20:21:49] [Render thread/INFO] (Minecraft) Created: 512x256x0 minecraft:textures/atlas/particles.png-atlas
[20:21:49] [Render thread/INFO] (Minecraft) Created: 128x128x0 minecraft:textures/atlas/decorated_pot.png-atlas
[20:21:49] [Render thread/INFO] (Minecraft) Created: 2048x1024x0 minecraft:textures/atlas/armor_trims.png-atlas
[20:21:49] [Render thread/INFO] (Minecraft) Created: 512x256x0 minecraft:textures/atlas/paintings.png-atlas
[20:21:49] [Render thread/INFO] (Minecraft) Created: 1024x512x0 minecraft:textures/atlas/shield_patterns.png-atlas
[20:21:49] [Render thread/INFO] (Minecraft) Created: 2048x2048x4 minecraft:textures/atlas/blocks.png-atlas
[20:21:49] [Render thread/INFO] (Minecraft) Created: 512x512x0 minecraft:textures/atlas/chest.png-atlas
[20:21:49] [Render thread/INFO] (Minecraft) Created: 256x128x0 minecraft:textures/atlas/celestials.png-atlas
[20:21:49] [Render thread/INFO] (Minecraft) Created: 1024x512x0 minecraft:textures/atlas/banner_patterns.png-atlas
[20:21:49] [Render thread/INFO] (Minecraft) Created: 512x512x0 minecraft:textures/atlas/beds.png-atlas
[20:21:49] [Render thread/INFO] (Minecraft) Created: 1024x512x0 minecraft:textures/atlas/items.png-atlas
[20:21:49] [Render thread/INFO] (Minecraft) Created: 1024x1024x0 minecraft:textures/atlas/gui.png-atlas
[20:21:49] [Render thread/INFO] (Minecraft) Created: 128x64x0 minecraft:textures/atlas/map_decorations.png-atlas
[20:21:49] [Render thread/INFO] (Minecraft) Created: 512x256x0 minecraft:textures/atlas/signs.png-atlas
[20:21:49] [Render thread/INFO] (Minecraft) Created: 512x512x0 minecraft:textures/atlas/shulker_boxes.png-atlas
[20:21:49] [Render thread/INFO] (AnimationLoader) Loaded 0 entity animations
[20:21:49] [Render thread/ERROR] (ClassTransformStatistics) Class processor unprotect:processor transformed 85.14% of loaded class which is suspiciously high; it may be attempting mass-ASM. Please report this to the mod author.
[20:21:53] [Render thread/WARN] (CommonHooks) The following mods have version differences that were not resolved:
generated_2bbbf2b (version 1 -> MISSING)
Things may not work well.
[20:21:54] [Render thread/INFO] (Minecraft) Loaded 1470 recipes
[20:21:54] [Render thread/INFO] (Minecraft) Loaded 1584 advancements
[20:21:54] [Render thread/INFO] (RecipePriorityManager) Loaded 0 recipe priority overrides
[20:21:54] [Server thread/INFO] (Minecraft) Starting integrated minecraft server version 1.21.11
[20:21:54] [Server thread/INFO] (Minecraft) Generating keypair
[20:21:54] [Server thread/INFO] (Minecraft) Loading 0 persistent chunks...
[20:21:54] [Server thread/INFO] (PermissionAPI) Successfully initialized permission handler neoforge:default_handler
[20:21:54] [Server thread/INFO] (Minecraft) Loading 49 chunks for player spawn...
[20:21:54] [Server thread/INFO] (Minecraft) Preparing spawn area: 16%
[20:21:55] [Server thread/INFO] (Minecraft) Preparing spawn area: 59%
[20:21:55] [Server thread/INFO] (Minecraft) Time elapsed: 565 ms
[20:21:55] [Server thread/INFO] (Minecraft) Dev[local:E:f5496a3e] logged in with entity id 1 at (-1.0698411463238395, 57.03818127559444, 6.703569526708033)
[20:21:55] [Server thread/INFO] (Minecraft) Dev joined the game
[20:21:55] [Server thread/INFO] (Minecraft) Changing view distance to 16, from 10
[20:21:55] [Server thread/INFO] (Minecraft) Changing simulation distance to 12, from 0
[20:21:55] [Render thread/WARN] (Minecraft) Ignoring chat session from Dev due to missing Services public key
[20:21:55] [Render thread/INFO] (Minecraft) Loaded 2 advancements
[20:21:55] [Render thread/INFO] (Minecraft) Resizing Dynamic Transforms UBO, capacity limit of 2 reached during a single frame. New capacity will be 4.
[20:21:55] [Render thread/INFO] (Minecraft) Resizing Dynamic Transforms UBO, capacity limit of 4 reached during a single frame. New capacity will be 8.
[20:21:55] [Render thread/INFO] (Minecraft) Resizing Dynamic Transforms UBO, capacity limit of 8 reached during a single frame. New capacity will be 16.
[20:21:55] [Render thread/INFO] (Minecraft) Resizing Chunk Sections UBO, capacity limit of 2 reached during a single frame. New capacity will be 8.
[20:21:55] [Render thread/INFO] (Minecraft) Resizing Chunk Sections UBO, capacity limit of 8 reached during a single frame. New capacity will be 16.
[20:21:55] [Render thread/INFO] (Minecraft) Resizing Chunk Sections UBO, capacity limit of 16 reached during a single frame. New capacity will be 32.
[20:21:55] [Render thread/INFO] (Minecraft) Resizing Chunk Sections UBO, capacity limit of 32 reached during a single frame. New capacity will be 64.
[20:21:55] [Render thread/INFO] (Minecraft) Resizing Chunk Sections UBO, capacity limit of 64 reached during a single frame. New capacity will be 128.
[20:21:55] [Render thread/INFO] (Minecraft) Resizing Chunk Sections UBO, capacity limit of 128 reached during a single frame. New capacity will be 256.
[20:21:56] [Render thread/INFO] (Minecraft) Resizing Chunk Sections UBO, capacity limit of 256 reached during a single frame. New capacity will be 512.
[20:22:00] [Server thread/INFO] (Minecraft) Saving and pausing game...
[20:22:00] [Server thread/INFO] (Minecraft) Saving chunks for level 'ServerLevel[New World]'/minecraft:overworld
[20:22:00] [Server thread/INFO] (Minecraft) Saving chunks for level 'ServerLevel[New World]'/minecraft:the_end
[20:22:00] [Server thread/INFO] (Minecraft) Saving chunks for level 'ServerLevel[New World]'/minecraft:the_nether
[20:22:40] [Server thread/INFO] (Minecraft) Saving and pausing game...
[20:22:40] [Server thread/INFO] (Minecraft) Saving chunks for level 'ServerLevel[New World]'/minecraft:overworld
[20:22:40] [Server thread/INFO] (Minecraft) Saving chunks for level 'ServerLevel[New World]'/minecraft:the_end
[20:22:40] [Server thread/INFO] (Minecraft) Saving chunks for level 'ServerLevel[New World]'/minecraft:the_nether
[20:22:42] [Render thread/ERROR] (ClassTransformStatistics) Class processor unprotect:processor transformed 86.21% of loaded class which is suspiciously high; it may be attempting mass-ASM. Please report this to the mod author.
[20:22:42] [Render thread/INFO] (Minecraft) Stopping!
[20:22:42] [Server thread/INFO] (Minecraft) Dev lost connection: Disconnected
[20:22:42] [Server thread/INFO] (Minecraft) Dev left the game
[20:22:42] [Server thread/INFO] (Minecraft) Stopping singleplayer server as player logged out
[20:22:42] [Server thread/INFO] (Minecraft) Stopping server
[20:22:42] [Server thread/INFO] (Minecraft) Saving players
[20:22:42] [Server thread/INFO] (Minecraft) Saving worlds
[20:22:42] [Server thread/INFO] (Minecraft) Saving chunks for level 'ServerLevel[New World]'/minecraft:overworld
[20:22:42] [Server thread/INFO] (Minecraft) Saving chunks for level 'ServerLevel[New World]'/minecraft:the_end
[20:22:42] [Server thread/INFO] (Minecraft) Saving chunks for level 'ServerLevel[New World]'/minecraft:the_nether
[20:22:42] [Server thread/INFO] (Minecraft) ThreadedAnvilChunkStorage (New World): All chunks are saved
[20:22:42] [Server thread/INFO] (Minecraft) ThreadedAnvilChunkStorage (DIM1): All chunks are saved
[20:22:42] [Server thread/INFO] (Minecraft) ThreadedAnvilChunkStorage (DIM-1): All chunks are saved
[20:22:42] [Server thread/INFO] (Minecraft) ThreadedAnvilChunkStorage: All dimensions are saved
